#-----------------------------------------------------------
# Vivado v2020.1 (64-bit)
# SW Build 2902540 on Wed May 27 19:54:49 MDT 2020
# IP Build 2902112 on Wed May 27 22:43:36 MDT 2020
# Start of session at: Tue Mar  9 15:43:33 2021
# Process ID: 3832
# Current directory: G:/hdl_things/uart_com
# Command line: vivado.exe -gui_launcher_event rodinguilauncherevent888 G:\hdl_things\uart_com\uart_com.xpr
# Log file: G:/hdl_things/uart_com/vivado.log
# Journal file: G:/hdl_things/uart_com\vivado.jou
#-----------------------------------------------------------
start_gui
open_project G:/hdl_things/uart_com/uart_com.xpr
synth_design -rtl -name rtl_1
report_methodology -name ultrafast_methodology_1 -checks {ULMTCS-2 ULMTCS-1 XDCH-2 XDCH-1 XDCC-8 XDCC-7 XDCC-6 XDCC-5 XDCC-4 XDCC-3 XDCC-2 XDCC-1 XDCB-6 XDCB-5 XDCB-4 XDCB-3 XDCB-2 XDCB-1 CLKC-77 CLKC-76 CLKC-54 CLKC-53 CLKC-78 CLKC-9 CLKC-5 CLKC-38 CLKC-37 CLKC-36 CLKC-35 CLKC-4 CLKC-18 CLKC-3 CLKC-2 CLKC-1 HPDR-1 RRRS-1 RROR-1 ROAS-1 RMOR-1 RMIR-1 RFTL-1 RFRC-1 RFRA-1 RFFI-1 RFFH-1 RFCF-1 RCCL-1 RCBG-1 RAMP-1 RAMF-1 RAMD-1 RAKN-1}
close_design
open_run synth_1 -name synth_1
report_timing_summary -delay_type min_max -report_unconstrained -check_timing_verbose -max_paths 10 -input_pins -routable_nets -name timing_1
report_power -name {power_1}
